Archive member included to satisfy reference by file (symbol)

c:/st/stm32cubeide_1.7.0/stm32cubeide/plugins/com.st.stm32cube.ide.mcu.externaltools.gnu-tools-for-stm32.9-2020-q2-update.win32_2.0.0.202105311346/tools/bin/../lib/gcc/arm-none-eabi/9.3.1/../../../../arm-none-eabi/lib/thumb/v7-m/nofp\libc_nano.a(lib_a-errno.o)
                              ./Core/Src/syscalls.o (__errno)
c:/st/stm32cubeide_1.7.0/stm32cubeide/plugins/com.st.stm32cube.ide.mcu.externaltools.gnu-tools-for-stm32.9-2020-q2-update.win32_2.0.0.202105311346/tools/bin/../lib/gcc/arm-none-eabi/9.3.1/../../../../arm-none-eabi/lib/thumb/v7-m/nofp\libc_nano.a(lib_a-exit.o)
                              c:/st/stm32cubeide_1.7.0/stm32cubeide/plugins/com.st.stm32cube.ide.mcu.externaltools.gnu-tools-for-stm32.9-2020-q2-update.win32_2.0.0.202105311346/tools/bin/../lib/gcc/arm-none-eabi/9.3.1/../../../../arm-none-eabi/lib/thumb/v7-m/nofp/crt0.o (exit)
c:/st/stm32cubeide_1.7.0/stm32cubeide/plugins/com.st.stm32cube.ide.mcu.externaltools.gnu-tools-for-stm32.9-2020-q2-update.win32_2.0.0.202105311346/tools/bin/../lib/gcc/arm-none-eabi/9.3.1/../../../../arm-none-eabi/lib/thumb/v7-m/nofp\libc_nano.a(lib_a-impure.o)
                              c:/st/stm32cubeide_1.7.0/stm32cubeide/plugins/com.st.stm32cube.ide.mcu.externaltools.gnu-tools-for-stm32.9-2020-q2-update.win32_2.0.0.202105311346/tools/bin/../lib/gcc/arm-none-eabi/9.3.1/../../../../arm-none-eabi/lib/thumb/v7-m/nofp\libc_nano.a(lib_a-exit.o) (_global_impure_ptr)
c:/st/stm32cubeide_1.7.0/stm32cubeide/plugins/com.st.stm32cube.ide.mcu.externaltools.gnu-tools-for-stm32.9-2020-q2-update.win32_2.0.0.202105311346/tools/bin/../lib/gcc/arm-none-eabi/9.3.1/../../../../arm-none-eabi/lib/thumb/v7-m/nofp\libc_nano.a(lib_a-init.o)
                              c:/st/stm32cubeide_1.7.0/stm32cubeide/plugins/com.st.stm32cube.ide.mcu.externaltools.gnu-tools-for-stm32.9-2020-q2-update.win32_2.0.0.202105311346/tools/bin/../lib/gcc/arm-none-eabi/9.3.1/../../../../arm-none-eabi/lib/thumb/v7-m/nofp/crt0.o (__libc_init_array)
c:/st/stm32cubeide_1.7.0/stm32cubeide/plugins/com.st.stm32cube.ide.mcu.externaltools.gnu-tools-for-stm32.9-2020-q2-update.win32_2.0.0.202105311346/tools/bin/../lib/gcc/arm-none-eabi/9.3.1/../../../../arm-none-eabi/lib/thumb/v7-m/nofp\libc_nano.a(lib_a-memset.o)
                              c:/st/stm32cubeide_1.7.0/stm32cubeide/plugins/com.st.stm32cube.ide.mcu.externaltools.gnu-tools-for-stm32.9-2020-q2-update.win32_2.0.0.202105311346/tools/bin/../lib/gcc/arm-none-eabi/9.3.1/../../../../arm-none-eabi/lib/thumb/v7-m/nofp/crt0.o (memset)
c:/st/stm32cubeide_1.7.0/stm32cubeide/plugins/com.st.stm32cube.ide.mcu.externaltools.gnu-tools-for-stm32.9-2020-q2-update.win32_2.0.0.202105311346/tools/bin/../lib/gcc/arm-none-eabi/9.3.1/thumb/v7-m/nofp\libgcc.a(_aeabi_uldivmod.o)
                              ./Drivers/STM32L1xx_HAL_Driver/Src/stm32l1xx_hal_rcc.o (__aeabi_uldivmod)
c:/st/stm32cubeide_1.7.0/stm32cubeide/plugins/com.st.stm32cube.ide.mcu.externaltools.gnu-tools-for-stm32.9-2020-q2-update.win32_2.0.0.202105311346/tools/bin/../lib/gcc/arm-none-eabi/9.3.1/thumb/v7-m/nofp\libgcc.a(_udivmoddi4.o)
                              c:/st/stm32cubeide_1.7.0/stm32cubeide/plugins/com.st.stm32cube.ide.mcu.externaltools.gnu-tools-for-stm32.9-2020-q2-update.win32_2.0.0.202105311346/tools/bin/../lib/gcc/arm-none-eabi/9.3.1/thumb/v7-m/nofp\libgcc.a(_aeabi_uldivmod.o) (__udivmoddi4)
c:/st/stm32cubeide_1.7.0/stm32cubeide/plugins/com.st.stm32cube.ide.mcu.externaltools.gnu-tools-for-stm32.9-2020-q2-update.win32_2.0.0.202105311346/tools/bin/../lib/gcc/arm-none-eabi/9.3.1/thumb/v7-m/nofp\libgcc.a(_dvmd_tls.o)
                              c:/st/stm32cubeide_1.7.0/stm32cubeide/plugins/com.st.stm32cube.ide.mcu.externaltools.gnu-tools-for-stm32.9-2020-q2-update.win32_2.0.0.202105311346/tools/bin/../lib/gcc/arm-none-eabi/9.3.1/thumb/v7-m/nofp\libgcc.a(_aeabi_uldivmod.o) (__aeabi_ldiv0)

Allocating common symbols
Common symbol       size              file

PI_output           0x4               ./Core/Src/main.o
uwTick              0x4               ./Drivers/STM32L1xx_HAL_Driver/Src/stm32l1xx_hal.o
pFlash              0x18              ./Drivers/STM32L1xx_HAL_Driver/Src/stm32l1xx_hal_flash.o
htim3               0x40              ./Core/Src/main.o
ADC_value           0x4               ./Core/Src/main.o
out_delayed         0x4               ./Core/Src/main.o
proportional        0x4               ./Core/Src/main.o
PI_error            0x4               ./Core/Src/main.o
htim2               0x40              ./Core/Src/main.o
huart2              0x48              ./Core/Src/main.o
output2             0x4               ./Core/Src/main.o
Read_temp           0x4               ./Core/Src/main.o
hadc                0x54              ./Core/Src/main.o
integral            0x4               ./Core/Src/main.o

Discarded input sections

[...]
Memory Configuration

Name             Origin             Length             Attributes
RAM              0x0000000020000000 0x0000000000014000 xrw
FLASH            0x0000000008000000 0x0000000000080000 xr
*default*        0x0000000000000000 0xffffffffffffffff

Linker script and memory map

LOAD c:/st/stm32cubeide_1.7.0/stm32cubeide/plugins/com.st.stm32cube.ide.mcu.externaltools.gnu-tools-for-stm32.9-2020-q2-update.win32_2.0.0.202105311346/tools/bin/../lib/gcc/arm-none-eabi/9.3.1/thumb/v7-m/nofp/crti.o
LOAD c:/st/stm32cubeide_1.7.0/stm32cubeide/plugins/com.st.stm32cube.ide.mcu.externaltools.gnu-tools-for-stm32.9-2020-q2-update.win32_2.0.0.202105311346/tools/bin/../lib/gcc/arm-none-eabi/9.3.1/thumb/v7-m/nofp/crtbegin.o
LOAD c:/st/stm32cubeide_1.7.0/stm32cubeide/plugins/com.st.stm32cube.ide.mcu.externaltools.gnu-tools-for-stm32.9-2020-q2-update.win32_2.0.0.202105311346/tools/bin/../lib/gcc/arm-none-eabi/9.3.1/../../../../arm-none-eabi/lib/thumb/v7-m/nofp/crt0.o
LOAD ./Core/Src/main.o
LOAD ./Core/Src/stm32l1xx_hal_msp.o
LOAD ./Core/Src/stm32l1xx_it.o
LOAD ./Core/Src/syscalls.o
LOAD ./Core/Src/sysmem.o
LOAD ./Core/Src/system_stm32l1xx.o
LOAD ./Core/Startup/startup_stm32l152retx.o
LOAD ./Drivers/STM32L1xx_HAL_Driver/Src/stm32l1xx_hal.o
LOAD ./Drivers/STM32L1xx_HAL_Driver/Src/stm32l1xx_hal_adc.o
LOAD ./Drivers/STM32L1xx_HAL_Driver/Src/stm32l1xx_hal_adc_ex.o
LOAD ./Drivers/STM32L1xx_HAL_Driver/Src/stm32l1xx_hal_cortex.o
LOAD ./Drivers/STM32L1xx_HAL_Driver/Src/stm32l1xx_hal_dma.o
LOAD ./Drivers/STM32L1xx_HAL_Driver/Src/stm32l1xx_hal_exti.o
LOAD ./Drivers/STM32L1xx_HAL_Driver/Src/stm32l1xx_hal_flash.o
LOAD ./Drivers/STM32L1xx_HAL_Driver/Src/stm32l1xx_hal_flash_ex.o
LOAD ./Drivers/STM32L1xx_HAL_Driver/Src/stm32l1xx_hal_flash_ramfunc.o
LOAD ./Drivers/STM32L1xx_HAL_Driver/Src/stm32l1xx_hal_gpio.o
LOAD ./Drivers/STM32L1xx_HAL_Driver/Src/stm32l1xx_hal_pwr.o
LOAD ./Drivers/STM32L1xx_HAL_Driver/Src/stm32l1xx_hal_pwr_ex.o
LOAD ./Drivers/STM32L1xx_HAL_Driver/Src/stm32l1xx_hal_rcc.o
LOAD ./Drivers/STM32L1xx_HAL_Driver/Src/stm32l1xx_hal_rcc_ex.o
LOAD ./Drivers/STM32L1xx_HAL_Driver/Src/stm32l1xx_hal_tim.o
LOAD ./Drivers/STM32L1xx_HAL_Driver/Src/stm32l1xx_hal_tim_ex.o
LOAD ./Drivers/STM32L1xx_HAL_Driver/Src/stm32l1xx_hal_uart.o
START GROUP
LOAD c:/st/stm32cubeide_1.7.0/stm32cubeide/plugins/com.st.stm32cube.ide.mcu.externaltools.gnu-tools-for-stm32.9-2020-q2-update.win32_2.0.0.202105311346/tools/bin/../lib/gcc/arm-none-eabi/9.3.1/../../../../arm-none-eabi/lib/thumb/v7-m/nofp\libc_nano.a
LOAD c:/st/stm32cubeide_1.7.0/stm32cubeide/plugins/com.st.stm32cube.ide.mcu.externaltools.gnu-tools-for-stm32.9-2020-q2-update.win32_2.0.0.202105311346/tools/bin/../lib/gcc/arm-none-eabi/9.3.1/../../../../arm-none-eabi/lib/thumb/v7-m/nofp\libm.a
END GROUP
START GROUP
LOAD c:/st/stm32cubeide_1.7.0/stm32cubeide/plugins/com.st.stm32cube.ide.mcu.externaltools.gnu-tools-for-stm32.9-2020-q2-update.win32_2.0.0.202105311346/tools/bin/../lib/gcc/arm-none-eabi/9.3.1/thumb/v7-m/nofp\libgcc.a
LOAD c:/st/stm32cubeide_1.7.0/stm32cubeide/plugins/com.st.stm32cube.ide.mcu.externaltools.gnu-tools-for-stm32.9-2020-q2-update.win32_2.0.0.202105311346/tools/bin/../lib/gcc/arm-none-eabi/9.3.1/../../../../arm-none-eabi/lib/thumb/v7-m/nofp\libc_nano.a
END GROUP
START GROUP
LOAD c:/st/stm32cubeide_1.7.0/stm32cubeide/plugins/com.st.stm32cube.ide.mcu.externaltools.gnu-tools-for-stm32.9-2020-q2-update.win32_2.0.0.202105311346/tools/bin/../lib/gcc/arm-none-eabi/9.3.1/thumb/v7-m/nofp\libgcc.a
LOAD c:/st/stm32cubeide_1.7.0/stm32cubeide/plugins/com.st.stm32cube.ide.mcu.externaltools.gnu-tools-for-stm32.9-2020-q2-update.win32_2.0.0.202105311346/tools/bin/../lib/gcc/arm-none-eabi/9.3.1/../../../../arm-none-eabi/lib/thumb/v7-m/nofp\libc_nano.a
LOAD c:/st/stm32cubeide_1.7.0/stm32cubeide/plugins/com.st.stm32cube.ide.mcu.externaltools.gnu-tools-for-stm32.9-2020-q2-update.win32_2.0.0.202105311346/tools/bin/../lib/gcc/arm-none-eabi/9.3.1/../../../../arm-none-eabi/lib/thumb/v7-m/nofp\libnosys.a
END GROUP
START GROUP
LOAD c:/st/stm32cubeide_1.7.0/stm32cubeide/plugins/com.st.stm32cube.ide.mcu.externaltools.gnu-tools-for-stm32.9-2020-q2-update.win32_2.0.0.202105311346/tools/bin/../lib/gcc/arm-none-eabi/9.3.1/thumb/v7-m/nofp\libgcc.a
LOAD c:/st/stm32cubeide_1.7.0/stm32cubeide/plugins/com.st.stm32cube.ide.mcu.externaltools.gnu-tools-for-stm32.9-2020-q2-update.win32_2.0.0.202105311346/tools/bin/../lib/gcc/arm-none-eabi/9.3.1/../../../../arm-none-eabi/lib/thumb/v7-m/nofp\libc_nano.a
LOAD c:/st/stm32cubeide_1.7.0/stm32cubeide/plugins/com.st.stm32cube.ide.mcu.externaltools.gnu-tools-for-stm32.9-2020-q2-update.win32_2.0.0.202105311346/tools/bin/../lib/gcc/arm-none-eabi/9.3.1/../../../../arm-none-eabi/lib/thumb/v7-m/nofp\libnosys.a
END GROUP
LOAD c:/st/stm32cubeide_1.7.0/stm32cubeide/plugins/com.st.stm32cube.ide.mcu.externaltools.gnu-tools-for-stm32.9-2020-q2-update.win32_2.0.0.202105311346/tools/bin/../lib/gcc/arm-none-eabi/9.3.1/thumb/v7-m/nofp/crtend.o
LOAD c:/st/stm32cubeide_1.7.0/stm32cubeide/plugins/com.st.stm32cube.ide.mcu.externaltools.gnu-tools-for-stm32.9-2020-q2-update.win32_2.0.0.202105311346/tools/bin/../lib/gcc/arm-none-eabi/9.3.1/thumb/v7-m/nofp/crtn.o
                0x0000000020014000                _estack = (ORIGIN (RAM) + LENGTH (RAM))
                0x0000000000000200                _Min_Heap_Size = 0x200
                0x0000000000000400                _Min_Stack_Size = 0x400

.isr_vector     0x0000000008000000      0x13c
                0x0000000008000000                . = ALIGN (0x4)
 *(.isr_vector)
 .isr_vector    0x0000000008000000      0x13c ./Core/Startup/startup_stm32l152retx.o
                0x0000000008000000                g_pfnVectors
                0x000000000800013c                . = ALIGN (0x4)

.text           0x000000000800013c     0x3bd0
                0x000000000800013c                . = ALIGN (0x4)
 *(.text)
 .text          0x000000000800013c       0x40 c:/st/stm32cubeide_1.7.0/stm32cubeide/plugins/com.st.stm32cube.ide.mcu.externaltools.gnu-tools-for-stm32.9-2020-q2-update.win32_2.0.0.202105311346/tools/bin/../lib/gcc/arm-none-eabi/9.3.1/thumb/v7-m/nofp/crtbegin.o
 .text          0x000000000800017c       0x30 c:/st/stm32cubeide_1.7.0/stm32cubeide/plugins/com.st.stm32cube.ide.mcu.externaltools.gnu-tools-for-stm32.9-2020-q2-update.win32_2.0.0.202105311346/tools/bin/../lib/gcc/arm-none-eabi/9.3.1/thumb/v7-m/nofp\libgcc.a(_aeabi_uldivmod.o)
                0x000000000800017c                __aeabi_uldivmod
 .text          0x00000000080001ac      0x2c4 c:/st/stm32cubeide_1.7.0/stm32cubeide/plugins/com.st.stm32cube.ide.mcu.externaltools.gnu-tools-for-stm32.9-2020-q2-update.win32_2.0.0.202105311346/tools/bin/../lib/gcc/arm-none-eabi/9.3.1/thumb/v7-m/nofp\libgcc.a(_udivmoddi4.o)
                0x00000000080001ac                __udivmoddi4
 .text          0x0000000008000470        0x4 c:/st/stm32cubeide_1.7.0/stm32cubeide/plugins/com.st.stm32cube.ide.mcu.externaltools.gnu-tools-for-stm32.9-2020-q2-update.win32_2.0.0.202105311346/tools/bin/../lib/gcc/arm-none-eabi/9.3.1/thumb/v7-m/nofp\libgcc.a(_dvmd_tls.o)
                0x0000000008000470                __aeabi_idiv0
                0x0000000008000470                __aeabi_ldiv0
 *(.text*)
 .text.main     0x0000000008000474      0x12c ./Core/Src/main.o
                0x0000000008000474                main
 .text.SystemClock_Config
                0x00000000080005a0       0x9c ./Core/Src/main.o
                0x00000000080005a0                SystemClock_Config
 .text.MX_ADC_Init
                0x000000000800063c       0xb0 ./Core/Src/main.o
 .text.MX_TIM2_Init
                0x00000000080006ec       0xe0 ./Core/Src/main.o
 .text.MX_TIM3_Init
                0x00000000080007cc       0xe8 ./Core/Src/main.o
 .text.MX_USART2_UART_Init
                0x00000000080008b4       0x54 ./Core/Src/main.o
 .text.MX_GPIO_Init
                0x0000000008000908       0xcc ./Core/Src/main.o
 .text.HAL_TIM_PeriodElapsedCallback
                0x00000000080009d4      0x22c ./Core/Src/main.o
                0x00000000080009d4                HAL_TIM_PeriodElapsedCallback
 .text.Error_Handler
                0x0000000008000c00        0xa ./Core/Src/main.o
                0x0000000008000c00                Error_Handler
 *fill*         0x0000000008000c0a        0x2 
 .text.HAL_MspInit
                0x0000000008000c0c       0x60 ./Core/Src/stm32l1xx_hal_msp.o
                0x0000000008000c0c                HAL_MspInit
 .text.HAL_ADC_MspInit
                0x0000000008000c6c       0x80 ./Core/Src/stm32l1xx_hal_msp.o
                0x0000000008000c6c                HAL_ADC_MspInit
 .text.HAL_TIM_Base_MspInit
                0x0000000008000cec       0x70 ./Core/Src/stm32l1xx_hal_msp.o
                0x0000000008000cec                HAL_TIM_Base_MspInit
 .text.HAL_TIM_MspPostInit
                0x0000000008000d5c       0x70 ./Core/Src/stm32l1xx_hal_msp.o
                0x0000000008000d5c                HAL_TIM_MspPostInit
 .text.HAL_UART_MspInit
                0x0000000008000dcc       0x88 ./Core/Src/stm32l1xx_hal_msp.o
                0x0000000008000dcc                HAL_UART_MspInit
 .text.NMI_Handler
                0x0000000008000e54        0x6 ./Core/Src/stm32l1xx_it.o
                0x0000000008000e54                NMI_Handler
 .text.HardFault_Handler
                0x0000000008000e5a        0x6 ./Core/Src/stm32l1xx_it.o
                0x0000000008000e5a                HardFault_Handler
 .text.MemManage_Handler
                0x0000000008000e60        0x6 ./Core/Src/stm32l1xx_it.o
                0x0000000008000e60                MemManage_Handler
 .text.BusFault_Handler
                0x0000000008000e66        0x6 ./Core/Src/stm32l1xx_it.o
                0x0000000008000e66                BusFault_Handler
 .text.UsageFault_Handler
                0x0000000008000e6c        0x6 ./Core/Src/stm32l1xx_it.o
                0x0000000008000e6c                UsageFault_Handler
 .text.SVC_Handler
                0x0000000008000e72        0xc ./Core/Src/stm32l1xx_it.o
                0x0000000008000e72                SVC_Handler
 .text.DebugMon_Handler
                0x0000000008000e7e        0xc ./Core/Src/stm32l1xx_it.o
                0x0000000008000e7e                DebugMon_Handler
 .text.PendSV_Handler
                0x0000000008000e8a        0xc ./Core/Src/stm32l1xx_it.o
                0x0000000008000e8a                PendSV_Handler
 .text.SysTick_Handler
                0x0000000008000e96        0xc ./Core/Src/stm32l1xx_it.o
                0x0000000008000e96                SysTick_Handler
 *fill*         0x0000000008000ea2        0x2 
 .text.TIM2_IRQHandler
                0x0000000008000ea4       0x14 ./Core/Src/stm32l1xx_it.o
                0x0000000008000ea4                TIM2_IRQHandler
 .text.SystemInit
                0x0000000008000eb8        0xc ./Core/Src/system_stm32l1xx.o
                0x0000000008000eb8                SystemInit
 .text.Reset_Handler
                0x0000000008000ec4       0x48 ./Core/Startup/startup_stm32l152retx.o
                0x0000000008000ec4                Reset_Handler
 .text.Default_Handler
                0x0000000008000f0c        0x2 ./Core/Startup/startup_stm32l152retx.o
                0x0000000008000f0c                RTC_Alarm_IRQHandler
                0x0000000008000f0c                EXTI2_IRQHandler
                0x0000000008000f0c                COMP_ACQ_IRQHandler
                0x0000000008000f0c                TIM10_IRQHandler
                0x0000000008000f0c                USB_HP_IRQHandler
                0x0000000008000f0c                TIM6_IRQHandler
                0x0000000008000f0c                PVD_IRQHandler
                0x0000000008000f0c                EXTI3_IRQHandler
                0x0000000008000f0c                EXTI0_IRQHandler
                0x0000000008000f0c                I2C2_EV_IRQHandler
                0x0000000008000f0c                SPI1_IRQHandler
                0x0000000008000f0c                USB_FS_WKUP_IRQHandler
                0x0000000008000f0c                DMA2_Channel2_IRQHandler
                0x0000000008000f0c                DMA1_Channel4_IRQHandler
                0x0000000008000f0c                ADC1_IRQHandler
                0x0000000008000f0c                USART3_IRQHandler
                0x0000000008000f0c                DMA1_Channel7_IRQHandler
                0x0000000008000f0c                LCD_IRQHandler
                0x0000000008000f0c                UART5_IRQHandler
                0x0000000008000f0c                TIM4_IRQHandler
                0x0000000008000f0c                DMA2_Channel1_IRQHandler
                0x0000000008000f0c                I2C1_EV_IRQHandler
                0x0000000008000f0c                DMA1_Channel6_IRQHandler
                0x0000000008000f0c                UART4_IRQHandler
                0x0000000008000f0c                DMA2_Channel4_IRQHandler
                0x0000000008000f0c                TIM3_IRQHandler
                0x0000000008000f0c                RCC_IRQHandler
                0x0000000008000f0c                DMA1_Channel1_IRQHandler
                0x0000000008000f0c                Default_Handler
                0x0000000008000f0c                EXTI15_10_IRQHandler
                0x0000000008000f0c                TIM7_IRQHandler
                0x0000000008000f0c                TIM5_IRQHandler
                0x0000000008000f0c                EXTI9_5_IRQHandler
                0x0000000008000f0c                TIM9_IRQHandler
                0x0000000008000f0c                TAMPER_STAMP_IRQHandler
                0x0000000008000f0c                RTC_WKUP_IRQHandler
                0x0000000008000f0c                SPI2_IRQHandler
                0x0000000008000f0c                DMA2_Channel5_IRQHandler
                0x0000000008000f0c                DMA1_Channel5_IRQHandler
                0x0000000008000f0c                USB_LP_IRQHandler
                0x0000000008000f0c                EXTI4_IRQHandler
                0x0000000008000f0c                DMA1_Channel3_IRQHandler
                0x0000000008000f0c                COMP_IRQHandler
                0x0000000008000f0c                WWDG_IRQHandler
                0x0000000008000f0c                DAC_IRQHandler
                0x0000000008000f0c                EXTI1_IRQHandler
                0x0000000008000f0c                TIM11_IRQHandler
                0x0000000008000f0c                USART2_IRQHandler
                0x0000000008000f0c                I2C2_ER_IRQHandler
                0x0000000008000f0c                DMA1_Channel2_IRQHandler
                0x0000000008000f0c                FLASH_IRQHandler
                0x0000000008000f0c                USART1_IRQHandler
                0x0000000008000f0c                SPI3_IRQHandler
                0x0000000008000f0c                I2C1_ER_IRQHandler
                0x0000000008000f0c                DMA2_Channel3_IRQHandler
 .text.HAL_Init
                0x0000000008000f0e       0x30 ./Drivers/STM32L1xx_HAL_Driver/Src/stm32l1xx_hal.o
                0x0000000008000f0e                HAL_Init
 *fill*         0x0000000008000f3e        0x2 
 .text.HAL_InitTick
                0x0000000008000f40       0x74 ./Drivers/STM32L1xx_HAL_Driver/Src/stm32l1xx_hal.o
                0x0000000008000f40                HAL_InitTick
 .text.HAL_IncTick
                0x0000000008000fb4       0x24 ./Drivers/STM32L1xx_HAL_Driver/Src/stm32l1xx_hal.o
                0x0000000008000fb4                HAL_IncTick
 .text.HAL_GetTick
                0x0000000008000fd8       0x14 ./Drivers/STM32L1xx_HAL_Driver/Src/stm32l1xx_hal.o
                0x0000000008000fd8                HAL_GetTick
 .text.HAL_ADC_Init
                0x0000000008000fec      0x28c ./Drivers/STM32L1xx_HAL_Driver/Src/stm32l1xx_hal_adc.o
                0x0000000008000fec                HAL_ADC_Init
 .text.HAL_ADC_Start
                0x0000000008001278       0xc0 ./Drivers/STM32L1xx_HAL_Driver/Src/stm32l1xx_hal_adc.o
                0x0000000008001278                HAL_ADC_Start
 .text.HAL_ADC_PollForConversion
                0x0000000008001338      0x120 ./Drivers/STM32L1xx_HAL_Driver/Src/stm32l1xx_hal_adc.o
                0x0000000008001338                HAL_ADC_PollForConversion
 .text.HAL_ADC_GetValue
                0x0000000008001458       0x18 ./Drivers/STM32L1xx_HAL_Driver/Src/stm32l1xx_hal_adc.o
                0x0000000008001458                HAL_ADC_GetValue
 .text.HAL_ADC_ConfigChannel
                0x0000000008001470      0x2d8 ./Drivers/STM32L1xx_HAL_Driver/Src/stm32l1xx_hal_adc.o
                0x0000000008001470                HAL_ADC_ConfigChannel
 .text.ADC_Enable
                0x0000000008001748       0xb8 ./Drivers/STM32L1xx_HAL_Driver/Src/stm32l1xx_hal_adc.o
                0x0000000008001748                ADC_Enable
 .text.__NVIC_SetPriorityGrouping
                0x0000000008001800       0x48 ./Drivers/STM32L1xx_HAL_Driver/Src/stm32l1xx_hal_cortex.o
 .text.__NVIC_GetPriorityGrouping
                0x0000000008001848       0x1c ./Drivers/STM32L1xx_HAL_Driver/Src/stm32l1xx_hal_cortex.o
 .text.__NVIC_EnableIRQ
                0x0000000008001864       0x38 ./Drivers/STM32L1xx_HAL_Driver/Src/stm32l1xx_hal_cortex.o
 .text.__NVIC_SetPriority
                0x000000000800189c       0x54 ./Drivers/STM32L1xx_HAL_Driver/Src/stm32l1xx_hal_cortex.o
 .text.NVIC_EncodePriority
                0x00000000080018f0       0x64 ./Drivers/STM32L1xx_HAL_Driver/Src/stm32l1xx_hal_cortex.o
 .text.SysTick_Config
                0x0000000008001954       0x44 ./Drivers/STM32L1xx_HAL_Driver/Src/stm32l1xx_hal_cortex.o
 .text.HAL_NVIC_SetPriorityGrouping
                0x0000000008001998       0x16 ./Drivers/STM32L1xx_HAL_Driver/Src/stm32l1xx_hal_cortex.o
                0x0000000008001998                HAL_NVIC_SetPriorityGrouping
 .text.HAL_NVIC_SetPriority
                0x00000000080019ae       0x38 ./Drivers/STM32L1xx_HAL_Driver/Src/stm32l1xx_hal_cortex.o
                0x00000000080019ae                HAL_NVIC_SetPriority
 .text.HAL_NVIC_EnableIRQ
                0x00000000080019e6       0x1c ./Drivers/STM32L1xx_HAL_Driver/Src/stm32l1xx_hal_cortex.o
                0x00000000080019e6                HAL_NVIC_EnableIRQ
 .text.HAL_SYSTICK_Config
                0x0000000008001a02       0x18 ./Drivers/STM32L1xx_HAL_Driver/Src/stm32l1xx_hal_cortex.o
                0x0000000008001a02                HAL_SYSTICK_Config
 *fill*         0x0000000008001a1a        0x2 
 .text.HAL_GPIO_Init
                0x0000000008001a1c      0x320 ./Drivers/STM32L1xx_HAL_Driver/Src/stm32l1xx_hal_gpio.o
                0x0000000008001a1c                HAL_GPIO_Init
 .text.HAL_GPIO_WritePin
                0x0000000008001d3c       0x30 ./Drivers/STM32L1xx_HAL_Driver/Src/stm32l1xx_hal_gpio.o
                0x0000000008001d3c                HAL_GPIO_WritePin
 .text.HAL_RCC_OscConfig
                0x0000000008001d6c      0x660 ./Drivers/STM32L1xx_HAL_Driver/Src/stm32l1xx_hal_rcc.o
                0x0000000008001d6c                HAL_RCC_OscConfig
 .text.HAL_RCC_ClockConfig
                0x00000000080023cc      0x268 ./Drivers/STM32L1xx_HAL_Driver/Src/stm32l1xx_hal_rcc.o
                0x00000000080023cc                HAL_RCC_ClockConfig
 .text.HAL_RCC_GetSysClockFreq
                0x0000000008002634      0x19c ./Drivers/STM32L1xx_HAL_Driver/Src/stm32l1xx_hal_rcc.o
                0x0000000008002634                HAL_RCC_GetSysClockFreq
 .text.HAL_RCC_GetHCLKFreq
                0x00000000080027d0       0x14 ./Drivers/STM32L1xx_HAL_Driver/Src/stm32l1xx_hal_rcc.o
                0x00000000080027d0                HAL_RCC_GetHCLKFreq
 .text.HAL_RCC_GetPCLK1Freq
                0x00000000080027e4       0x28 ./Drivers/STM32L1xx_HAL_Driver/Src/stm32l1xx_hal_rcc.o
                0x00000000080027e4                HAL_RCC_GetPCLK1Freq
 .text.HAL_RCC_GetPCLK2Freq
                0x000000000800280c       0x28 ./Drivers/STM32L1xx_HAL_Driver/Src/stm32l1xx_hal_rcc.o
                0x000000000800280c                HAL_RCC_GetPCLK2Freq
 .text.RCC_SetFlashLatencyFromMSIRange
                0x0000000008002834       0xc0 ./Drivers/STM32L1xx_HAL_Driver/Src/stm32l1xx_hal_rcc.o
 .text.HAL_TIM_Base_Init
                0x00000000080028f4       0x7e ./Drivers/STM32L1xx_HAL_Driver/Src/stm32l1xx_hal_tim.o
                0x00000000080028f4                HAL_TIM_Base_Init
 *fill*         0x0000000008002972        0x2 
 .text.HAL_TIM_Base_Start_IT
                0x0000000008002974       0xa4 ./Drivers/STM32L1xx_HAL_Driver/Src/stm32l1xx_hal_tim.o
                0x0000000008002974                HAL_TIM_Base_Start_IT
 .text.HAL_TIM_OC_Init
                0x0000000008002a18       0x7e ./Drivers/STM32L1xx_HAL_Driver/Src/stm32l1xx_hal_tim.o
                0x0000000008002a18                HAL_TIM_OC_Init
 .text.HAL_TIM_OC_MspInit
                0x0000000008002a96       0x12 ./Drivers/STM32L1xx_HAL_Driver/Src/stm32l1xx_hal_tim.o
                0x0000000008002a96                HAL_TIM_OC_MspInit
 .text.HAL_TIM_PWM_Init
                0x0000000008002aa8       0x7e ./Drivers/STM32L1xx_HAL_Driver/Src/stm32l1xx_hal_tim.o
                0x0000000008002aa8                HAL_TIM_PWM_Init
 .text.HAL_TIM_PWM_MspInit
                0x0000000008002b26       0x12 ./Drivers/STM32L1xx_HAL_Driver/Src/stm32l1xx_hal_tim.o
                0x0000000008002b26                HAL_TIM_PWM_MspInit
 .text.HAL_TIM_PWM_Start
                0x0000000008002b38      0x12c ./Drivers/STM32L1xx_HAL_Driver/Src/stm32l1xx_hal_tim.o
                0x0000000008002b38                HAL_TIM_PWM_Start
 .text.HAL_TIM_IRQHandler
                0x0000000008002c64      0x1b8 ./Drivers/STM32L1xx_HAL_Driver/Src/stm32l1xx_hal_tim.o
                0x0000000008002c64                HAL_TIM_IRQHandler
 .text.HAL_TIM_OC_ConfigChannel
                0x0000000008002e1c       0xb8 ./Drivers/STM32L1xx_HAL_Driver/Src/stm32l1xx_hal_tim.o
                0x0000000008002e1c                HAL_TIM_OC_ConfigChannel
 .text.HAL_TIM_PWM_ConfigChannel
                0x0000000008002ed4      0x184 ./Drivers/STM32L1xx_HAL_Driver/Src/stm32l1xx_hal_tim.o
                0x0000000008002ed4                HAL_TIM_PWM_ConfigChannel
 .text.HAL_TIM_ConfigClockSource
                0x0000000008003058      0x18e ./Drivers/STM32L1xx_HAL_Driver/Src/stm32l1xx_hal_tim.o
                0x0000000008003058                HAL_TIM_ConfigClockSource
 .text.HAL_TIM_OC_DelayElapsedCallback
                0x00000000080031e6       0x12 ./Drivers/STM32L1xx_HAL_Driver/Src/stm32l1xx_hal_tim.o
                0x00000000080031e6                HAL_TIM_OC_DelayElapsedCallback
 .text.HAL_TIM_IC_CaptureCallback
                0x00000000080031f8       0x12 ./Drivers/STM32L1xx_HAL_Driver/Src/stm32l1xx_hal_tim.o
                0x00000000080031f8                HAL_TIM_IC_CaptureCallback
 .text.HAL_TIM_PWM_PulseFinishedCallback
                0x000000000800320a       0x12 ./Drivers/STM32L1xx_HAL_Driver/Src/stm32l1xx_hal_tim.o
                0x000000000800320a                HAL_TIM_PWM_PulseFinishedCallback
 .text.HAL_TIM_TriggerCallback
                0x000000000800321c       0x12 ./Drivers/STM32L1xx_HAL_Driver/Src/stm32l1xx_hal_tim.o
                0x000000000800321c                HAL_TIM_TriggerCallback
 *fill*         0x000000000800322e        0x2 
 .text.TIM_Base_SetConfig
                0x0000000008003230       0xe0 ./Drivers/STM32L1xx_HAL_Driver/Src/stm32l1xx_hal_tim.o
 .text.TIM_OC1_SetConfig
                0x0000000008003310       0x78 ./Drivers/STM32L1xx_HAL_Driver/Src/stm32l1xx_hal_tim.o
 .text.TIM_OC2_SetConfig
                0x0000000008003388       0x7c ./Drivers/STM32L1xx_HAL_Driver/Src/stm32l1xx_hal_tim.o
 .text.TIM_OC3_SetConfig
                0x0000000008003404       0x7a ./Drivers/STM32L1xx_HAL_Driver/Src/stm32l1xx_hal_tim.o
 .text.TIM_OC4_SetConfig
                0x000000000800347e       0x7c ./Drivers/STM32L1xx_HAL_Driver/Src/stm32l1xx_hal_tim.o
 .text.TIM_TI1_ConfigInputStage
                0x00000000080034fa       0x5c ./Drivers/STM32L1xx_HAL_Driver/Src/stm32l1xx_hal_tim.o
 .text.TIM_TI2_ConfigInputStage
                0x0000000008003556       0x5e ./Drivers/STM32L1xx_HAL_Driver/Src/stm32l1xx_hal_tim.o
 .text.TIM_ITRx_SetConfig
                0x00000000080035b4       0x34 ./Drivers/STM32L1xx_HAL_Driver/Src/stm32l1xx_hal_tim.o
 .text.TIM_ETR_SetConfig
                0x00000000080035e8       0x3e ./Drivers/STM32L1xx_HAL_Driver/Src/stm32l1xx_hal_tim.o
 .text.TIM_CCxChannelCmd
                0x0000000008003626       0x48 ./Drivers/STM32L1xx_HAL_Driver/Src/stm32l1xx_hal_tim.o
 *fill*         0x000000000800366e        0x2 
 .text.HAL_TIMEx_MasterConfigSynchronization
                0x0000000008003670       0xbc ./Drivers/STM32L1xx_HAL_Driver/Src/stm32l1xx_hal_tim_ex.o
                0x0000000008003670                HAL_TIMEx_MasterConfigSynchronization
 .text.HAL_UART_Init
                0x000000000800372c       0xa0 ./Drivers/STM32L1xx_HAL_Driver/Src/stm32l1xx_hal_uart.o
                0x000000000800372c                HAL_UART_Init
 .text.HAL_UART_Transmit
                0x00000000080037cc      0x106 ./Drivers/STM32L1xx_HAL_Driver/Src/stm32l1xx_hal_uart.o
                0x00000000080037cc                HAL_UART_Transmit
 .text.HAL_UART_Receive
                0x00000000080038d2      0x124 ./Drivers/STM32L1xx_HAL_Driver/Src/stm32l1xx_hal_uart.o
                0x00000000080038d2                HAL_UART_Receive
 .text.UART_WaitOnFlagUntilTimeout
                0x00000000080039f6       0xdc ./Drivers/STM32L1xx_HAL_Driver/Src/stm32l1xx_hal_uart.o
 *fill*         0x0000000008003ad2        0x2 
 .text.UART_SetConfig
                0x0000000008003ad4      0x1c8 ./Drivers/STM32L1xx_HAL_Driver/Src/stm32l1xx_hal_uart.o
 .text.__libc_init_array
                0x0000000008003c9c       0x48 c:/st/stm32cubeide_1.7.0/stm32cubeide/plugins/com.st.stm32cube.ide.mcu.externaltools.gnu-tools-for-stm32.9-2020-q2-update.win32_2.0.0.202105311346/tools/bin/../lib/gcc/arm-none-eabi/9.3.1/../../../../arm-none-eabi/lib/thumb/v7-m/nofp\libc_nano.a(lib_a-init.o)
                0x0000000008003c9c                __libc_init_array
 .text.memset   0x0000000008003ce4       0x10 c:/st/stm32cubeide_1.7.0/stm32cubeide/plugins/com.st.stm32cube.ide.mcu.externaltools.gnu-tools-for-stm32.9-2020-q2-update.win32_2.0.0.202105311346/tools/bin/../lib/gcc/arm-none-eabi/9.3.1/../../../../arm-none-eabi/lib/thumb/v7-m/nofp\libc_nano.a(lib_a-memset.o)
                0x0000000008003ce4                memset
 *(.glue_7)
 .glue_7        0x0000000008003cf4        0x0 linker stubs
 *(.glue_7t)
 .glue_7t       0x0000000008003cf4        0x0 linker stubs
 *(.eh_frame)
 .eh_frame      0x0000000008003cf4        0x0 c:/st/stm32cubeide_1.7.0/stm32cubeide/plugins/com.st.stm32cube.ide.mcu.externaltools.gnu-tools-for-stm32.9-2020-q2-update.win32_2.0.0.202105311346/tools/bin/../lib/gcc/arm-none-eabi/9.3.1/thumb/v7-m/nofp/crtbegin.o
 *(.init)
 .init          0x0000000008003cf4        0x4 c:/st/stm32cubeide_1.7.0/stm32cubeide/plugins/com.st.stm32cube.ide.mcu.externaltools.gnu-tools-for-stm32.9-2020-q2-update.win32_2.0.0.202105311346/tools/bin/../lib/gcc/arm-none-eabi/9.3.1/thumb/v7-m/nofp/crti.o
                0x0000000008003cf4                _init
 .init          0x0000000008003cf8        0x8 c:/st/stm32cubeide_1.7.0/stm32cubeide/plugins/com.st.stm32cube.ide.mcu.externaltools.gnu-tools-for-stm32.9-2020-q2-update.win32_2.0.0.202105311346/tools/bin/../lib/gcc/arm-none-eabi/9.3.1/thumb/v7-m/nofp/crtn.o
 *(.fini)
 .fini          0x0000000008003d00        0x4 c:/st/stm32cubeide_1.7.0/stm32cubeide/plugins/com.st.stm32cube.ide.mcu.externaltools.gnu-tools-for-stm32.9-2020-q2-update.win32_2.0.0.202105311346/tools/bin/../lib/gcc/arm-none-eabi/9.3.1/thumb/v7-m/nofp/crti.o
                0x0000000008003d00                _fini
 .fini          0x0000000008003d04        0x8 c:/st/stm32cubeide_1.7.0/stm32cubeide/plugins/com.st.stm32cube.ide.mcu.externaltools.gnu-tools-for-stm32.9-2020-q2-update.win32_2.0.0.202105311346/tools/bin/../lib/gcc/arm-none-eabi/9.3.1/thumb/v7-m/nofp/crtn.o
                0x0000000008003d0c                . = ALIGN (0x4)
                0x0000000008003d0c                _etext = .

.vfp11_veneer   0x0000000008003d0c        0x0
 .vfp11_veneer  0x0000000008003d0c        0x0 linker stubs

.v4_bx          0x0000000008003d0c        0x0
 .v4_bx         0x0000000008003d0c        0x0 linker stubs

.iplt           0x0000000008003d0c        0x0
 .iplt          0x0000000008003d0c        0x0 c:/st/stm32cubeide_1.7.0/stm32cubeide/plugins/com.st.stm32cube.ide.mcu.externaltools.gnu-tools-for-stm32.9-2020-q2-update.win32_2.0.0.202105311346/tools/bin/../lib/gcc/arm-none-eabi/9.3.1/thumb/v7-m/nofp/crtbegin.o

.rodata         0x0000000008003d0c       0x24
                0x0000000008003d0c                . = ALIGN (0x4)
 *(.rodata)
 *(.rodata*)
 .rodata.PLLMulTable
                0x0000000008003d0c        0x9 ./Core/Src/system_stm32l1xx.o
                0x0000000008003d0c                PLLMulTable
 *fill*         0x0000000008003d15        0x3 
 .rodata.AHBPrescTable
                0x0000000008003d18       0x10 ./Core/Src/system_stm32l1xx.o
                0x0000000008003d18                AHBPrescTable
 .rodata.APBPrescTable
                0x0000000008003d28        0x8 ./Core/Src/system_stm32l1xx.o
                0x0000000008003d28                APBPrescTable
                0x0000000008003d30                . = ALIGN (0x4)

.ARM.extab      0x0000000008003d30        0x0
                0x0000000008003d30                . = ALIGN (0x4)
 *(.ARM.extab* .gnu.linkonce.armextab.*)
                0x0000000008003d30                . = ALIGN (0x4)

.ARM            0x0000000008003d30        0x8
                0x0000000008003d30                . = ALIGN (0x4)
                0x0000000008003d30                __exidx_start = .
 *(.ARM.exidx*)
 .ARM.exidx     0x0000000008003d30        0x8 c:/st/stm32cubeide_1.7.0/stm32cubeide/plugins/com.st.stm32cube.ide.mcu.externaltools.gnu-tools-for-stm32.9-2020-q2-update.win32_2.0.0.202105311346/tools/bin/../lib/gcc/arm-none-eabi/9.3.1/thumb/v7-m/nofp\libgcc.a(_udivmoddi4.o)
                0x0000000008003d38                __exidx_end = .
                0x0000000008003d38                . = ALIGN (0x4)

.rel.dyn        0x0000000008003d38        0x0
 .rel.iplt      0x0000000008003d38        0x0 c:/st/stm32cubeide_1.7.0/stm32cubeide/plugins/com.st.stm32cube.ide.mcu.externaltools.gnu-tools-for-stm32.9-2020-q2-update.win32_2.0.0.202105311346/tools/bin/../lib/gcc/arm-none-eabi/9.3.1/thumb/v7-m/nofp/crtbegin.o

.preinit_array  0x0000000008003d38        0x0
                0x0000000008003d38                . = ALIGN (0x4)
                0x0000000008003d38                PROVIDE (__preinit_array_start = .)
 *(.preinit_array*)
                0x0000000008003d38                PROVIDE (__preinit_array_end = .)
                0x0000000008003d38                . = ALIGN (0x4)

.init_array     0x0000000008003d38        0x4
                0x0000000008003d38                . = ALIGN (0x4)
                0x0000000008003d38                PROVIDE (__init_array_start = .)
 *(SORT_BY_NAME(.init_array.*))
 *(.init_array*)
 .init_array    0x0000000008003d38        0x4 c:/st/stm32cubeide_1.7.0/stm32cubeide/plugins/com.st.stm32cube.ide.mcu.externaltools.gnu-tools-for-stm32.9-2020-q2-update.win32_2.0.0.202105311346/tools/bin/../lib/gcc/arm-none-eabi/9.3.1/thumb/v7-m/nofp/crtbegin.o
                0x0000000008003d3c                PROVIDE (__init_array_end = .)
                0x0000000008003d3c                . = ALIGN (0x4)

.fini_array     0x0000000008003d3c        0x4
                0x0000000008003d3c                . = ALIGN (0x4)
                [!provide]                        PROVIDE (__fini_array_start = .)
 *(SORT_BY_NAME(.fini_array.*))
 *(.fini_array*)
 .fini_array    0x0000000008003d3c        0x4 c:/st/stm32cubeide_1.7.0/stm32cubeide/plugins/com.st.stm32cube.ide.mcu.externaltools.gnu-tools-for-stm32.9-2020-q2-update.win32_2.0.0.202105311346/tools/bin/../lib/gcc/arm-none-eabi/9.3.1/thumb/v7-m/nofp/crtbegin.o
                [!provide]                        PROVIDE (__fini_array_end = .)
                0x0000000008003d40                . = ALIGN (0x4)
                0x0000000008003d40                _sidata = LOADADDR (.data)

.data           0x0000000020000000      0x1a0 load address 0x0000000008003d40
                0x0000000020000000                . = ALIGN (0x4)
                0x0000000020000000                _sdata = .
 *(.data)
 *(.data*)
 .data.setpoint
                0x0000000020000000        0x4 ./Core/Src/main.o
                0x0000000020000000                setpoint
 .data.Tlook    0x0000000020000004      0x190 ./Core/Src/main.o
                0x0000000020000004                Tlook
 .data.SystemCoreClock
                0x0000000020000194        0x4 ./Core/Src/system_stm32l1xx.o
                0x0000000020000194                SystemCoreClock
 .data.uwTickPrio
                0x0000000020000198        0x4 ./Drivers/STM32L1xx_HAL_Driver/Src/stm32l1xx_hal.o
                0x0000000020000198                uwTickPrio
 .data.uwTickFreq
                0x000000002000019c        0x4 ./Drivers/STM32L1xx_HAL_Driver/Src/stm32l1xx_hal.o
                0x000000002000019c                uwTickFreq
 *(.RamFunc)
 *(.RamFunc*)
                0x00000000200001a0                . = ALIGN (0x4)
                0x00000000200001a0                _edata = .

.igot.plt       0x00000000200001a0        0x0 load address 0x0000000008003ee0
 .igot.plt      0x00000000200001a0        0x0 c:/st/stm32cubeide_1.7.0/stm32cubeide/plugins/com.st.stm32cube.ide.mcu.externaltools.gnu-tools-for-stm32.9-2020-q2-update.win32_2.0.0.202105311346/tools/bin/../lib/gcc/arm-none-eabi/9.3.1/thumb/v7-m/nofp/crtbegin.o
                0x00000000200001a0                . = ALIGN (0x4)

.bss            0x00000000200001a0      0x1d8 load address 0x0000000008003ee0
                0x00000000200001a0                _sbss = .
                0x00000000200001a0                __bss_start__ = _sbss
 *(.bss)
 .bss           0x00000000200001a0       0x1c c:/st/stm32cubeide_1.7.0/stm32cubeide/plugins/com.st.stm32cube.ide.mcu.externaltools.gnu-tools-for-stm32.9-2020-q2-update.win32_2.0.0.202105311346/tools/bin/../lib/gcc/arm-none-eabi/9.3.1/thumb/v7-m/nofp/crtbegin.o
 *(.bss*)
 .bss.PI_prev_error
                0x00000000200001bc        0x4 ./Core/Src/main.o
                0x00000000200001bc                PI_prev_error
 .bss.limMaxInt
                0x00000000200001c0        0x4 ./Core/Src/main.o
                0x00000000200001c0                limMaxInt
 .bss.limMinInt
                0x00000000200001c4        0x4 ./Core/Src/main.o
                0x00000000200001c4                limMinInt
 .bss.in_model_prev
                0x00000000200001c8        0x4 ./Core/Src/main.o
                0x00000000200001c8                in_model_prev
 .bss.out_model_prev
                0x00000000200001cc        0x4 ./Core/Src/main.o
                0x00000000200001cc                out_model_prev
 .bss.in_model  0x00000000200001d0        0x4 ./Core/Src/main.o
                0x00000000200001d0                in_model
 .bss.out_model
                0x00000000200001d4        0x4 ./Core/Src/main.o
                0x00000000200001d4                out_model
 .bss.delay_vect
                0x00000000200001d8       0x58 ./Core/Src/main.o
                0x00000000200001d8                delay_vect
 .bss.index1    0x0000000020000230        0x4 ./Core/Src/main.o
                0x0000000020000230                index1
 .bss.feedback_pred
                0x0000000020000234        0x4 ./Core/Src/main.o
                0x0000000020000234                feedback_pred
 *(COMMON)
 COMMON         0x0000000020000238      0x13c ./Core/Src/main.o
                0x0000000020000238                PI_output
                0x000000002000023c                htim3
                0x000000002000027c                ADC_value
                0x0000000020000280                out_delayed
                0x0000000020000284                proportional
                0x0000000020000288                PI_error
                0x000000002000028c                htim2
                0x00000000200002cc                huart2
                0x0000000020000314                output2
                0x0000000020000318                Read_temp
                0x000000002000031c                hadc
                0x0000000020000370                integral
 COMMON         0x0000000020000374        0x4 ./Drivers/STM32L1xx_HAL_Driver/Src/stm32l1xx_hal.o
                0x0000000020000374                uwTick
                0x0000000020000378                . = ALIGN (0x4)
                0x0000000020000378                _ebss = .
                0x0000000020000378                __bss_end__ = _ebss

._user_heap_stack
                0x0000000020000378      0x600 load address 0x0000000008003ee0
                0x0000000020000378                . = ALIGN (0x8)
                [!provide]                        PROVIDE (end = .)
                0x0000000020000378                PROVIDE (_end = .)
                0x0000000020000578                . = (. + _Min_Heap_Size)
 *fill*         0x0000000020000378      0x200 
                0x0000000020000978                . = (. + _Min_Stack_Size)
 *fill*         0x0000000020000578      0x400 
                0x0000000020000978                . = ALIGN (0x8)

/DISCARD/
 libc.a(*)
 libm.a(*)
 libgcc.a(*)

.ARM.attributes
                0x0000000000000000       0x29
 *(.ARM.attributes)
 .ARM.attributes
                0x0000000000000000       0x1d c:/st/stm32cubeide_1.7.0/stm32cubeide/plugins/com.st.stm32cube.ide.mcu.externaltools.gnu-tools-for-stm32.9-2020-q2-update.win32_2.0.0.202105311346/tools/bin/../lib/gcc/arm-none-eabi/9.3.1/thumb/v7-m/nofp/crti.o
 .ARM.attributes
                0x000000000000001d       0x2d c:/st/stm32cubeide_1.7.0/stm32cubeide/plugins/com.st.stm32cube.ide.mcu.externaltools.gnu-tools-for-stm32.9-2020-q2-update.win32_2.0.0.202105311346/tools/bin/../lib/gcc/arm-none-eabi/9.3.1/thumb/v7-m/nofp/crtbegin.o
 .ARM.attributes
                0x000000000000004a       0x2d ./Core/Src/main.o
 .ARM.attributes
                0x0000000000000077       0x2d ./Core/Src/stm32l1xx_hal_msp.o
 .ARM.attributes
                0x00000000000000a4       0x2d ./Core/Src/stm32l1xx_it.o
 .ARM.attributes
                0x00000000000000d1       0x2d ./Core/Src/system_stm32l1xx.o
 .ARM.attributes
                0x00000000000000fe       0x21 ./Core/Startup/startup_stm32l152retx.o
 .ARM.attributes
                0x000000000000011f       0x2d ./Drivers/STM32L1xx_HAL_Driver/Src/stm32l1xx_hal.o
 .ARM.attributes
                0x000000000000014c       0x2d ./Drivers/STM32L1xx_HAL_Driver/Src/stm32l1xx_hal_adc.o
 .ARM.attributes
                0x0000000000000179       0x2d ./Drivers/STM32L1xx_HAL_Driver/Src/stm32l1xx_hal_cortex.o
 .ARM.attributes
                0x00000000000001a6       0x2d ./Drivers/STM32L1xx_HAL_Driver/Src/stm32l1xx_hal_gpio.o
 .ARM.attributes
                0x00000000000001d3       0x2d ./Drivers/STM32L1xx_HAL_Driver/Src/stm32l1xx_hal_rcc.o
 .ARM.attributes
                0x0000000000000200       0x2d ./Drivers/STM32L1xx_HAL_Driver/Src/stm32l1xx_hal_tim.o
 .ARM.attributes
                0x000000000000022d       0x2d ./Drivers/STM32L1xx_HAL_Driver/Src/stm32l1xx_hal_tim_ex.o
 .ARM.attributes
                0x000000000000025a       0x2d ./Drivers/STM32L1xx_HAL_Driver/Src/stm32l1xx_hal_uart.o
 .ARM.attributes
                0x0000000000000287       0x2d c:/st/stm32cubeide_1.7.0/stm32cubeide/plugins/com.st.stm32cube.ide.mcu.externaltools.gnu-tools-for-stm32.9-2020-q2-update.win32_2.0.0.202105311346/tools/bin/../lib/gcc/arm-none-eabi/9.3.1/../../../../arm-none-eabi/lib/thumb/v7-m/nofp\libc_nano.a(lib_a-init.o)
 .ARM.attributes
                0x00000000000002b4       0x2d c:/st/stm32cubeide_1.7.0/stm32cubeide/plugins/com.st.stm32cube.ide.mcu.externaltools.gnu-tools-for-stm32.9-2020-q2-update.win32_2.0.0.202105311346/tools/bin/../lib/gcc/arm-none-eabi/9.3.1/../../../../arm-none-eabi/lib/thumb/v7-m/nofp\libc_nano.a(lib_a-memset.o)
 .ARM.attributes
                0x00000000000002e1       0x1d c:/st/stm32cubeide_1.7.0/stm32cubeide/plugins/com.st.stm32cube.ide.mcu.externaltools.gnu-tools-for-stm32.9-2020-q2-update.win32_2.0.0.202105311346/tools/bin/../lib/gcc/arm-none-eabi/9.3.1/thumb/v7-m/nofp\libgcc.a(_aeabi_uldivmod.o)
 .ARM.attributes
                0x00000000000002fe       0x2d c:/st/stm32cubeide_1.7.0/stm32cubeide/plugins/com.st.stm32cube.ide.mcu.externaltools.gnu-tools-for-stm32.9-2020-q2-update.win32_2.0.0.202105311346/tools/bin/../lib/gcc/arm-none-eabi/9.3.1/thumb/v7-m/nofp\libgcc.a(_udivmoddi4.o)
 .ARM.attributes
                0x000000000000032b       0x1d c:/st/stm32cubeide_1.7.0/stm32cubeide/plugins/com.st.stm32cube.ide.mcu.externaltools.gnu-tools-for-stm32.9-2020-q2-update.win32_2.0.0.202105311346/tools/bin/../lib/gcc/arm-none-eabi/9.3.1/thumb/v7-m/nofp\libgcc.a(_dvmd_tls.o)
 .ARM.attributes
                0x0000000000000348       0x1d c:/st/stm32cubeide_1.7.0/stm32cubeide/plugins/com.st.stm32cube.ide.mcu.externaltools.gnu-tools-for-stm32.9-2020-q2-update.win32_2.0.0.202105311346/tools/bin/../lib/gcc/arm-none-eabi/9.3.1/thumb/v7-m/nofp/crtn.o
OUTPUT(Temperature_controller.elf elf32-littlearm)
LOAD linker stubs
LOAD c:/st/stm32cubeide_1.7.0/stm32cubeide/plugins/com.st.stm32cube.ide.mcu.externaltools.gnu-tools-for-stm32.9-2020-q2-update.win32_2.0.0.202105311346/tools/bin/../lib/gcc/arm-none-eabi/9.3.1/../../../../arm-none-eabi/lib/thumb/v7-m/nofp\libc.a
LOAD c:/st/stm32cubeide_1.7.0/stm32cubeide/plugins/com.st.stm32cube.ide.mcu.externaltools.gnu-tools-for-stm32.9-2020-q2-update.win32_2.0.0.202105311346/tools/bin/../lib/gcc/arm-none-eabi/9.3.1/../../../../arm-none-eabi/lib/thumb/v7-m/nofp\libm.a
LOAD c:/st/stm32cubeide_1.7.0/stm32cubeide/plugins/com.st.stm32cube.ide.mcu.externaltools.gnu-tools-for-stm32.9-2020-q2-update.win32_2.0.0.202105311346/tools/bin/../lib/gcc/arm-none-eabi/9.3.1/thumb/v7-m/nofp\libgcc.a

.debug_info     0x0000000000000000     0xcd1a
 .debug_info    0x0000000000000000     0x15d5 ./Core/Src/main.o
 .debug_info    0x00000000000015d5     0x11ec ./Core/Src/stm32l1xx_hal_msp.o
 .debug_info    0x00000000000027c1      0x789 ./Core/Src/stm32l1xx_it.o
 .debug_info    0x0000000000002f4a      0x2f8 ./Core/Src/system_stm32l1xx.o
 .debug_info    0x0000000000003242       0x22 ./Core/Startup/startup_stm32l152retx.o
 .debug_info    0x0000000000003264      0x77d ./Drivers/STM32L1xx_HAL_Driver/Src/stm32l1xx_hal.o
 .debug_info    0x00000000000039e1      0xfa5 ./Drivers/STM32L1xx_HAL_Driver/Src/stm32l1xx_hal_adc.o
 .debug_info    0x0000000000004986      0xe32 ./Drivers/STM32L1xx_HAL_Driver/Src/stm32l1xx_hal_cortex.o
 .debug_info    0x00000000000057b8      0x712 ./Drivers/STM32L1xx_HAL_Driver/Src/stm32l1xx_hal_gpio.o
 .debug_info    0x0000000000005eca      0x9e2 ./Drivers/STM32L1xx_HAL_Driver/Src/stm32l1xx_hal_rcc.o
 .debug_info    0x00000000000068ac     0x2ac2 ./Drivers/STM32L1xx_HAL_Driver/Src/stm32l1xx_hal_tim.o
 .debug_info    0x000000000000936e      0x7cd ./Drivers/STM32L1xx_HAL_Driver/Src/stm32l1xx_hal_tim_ex.o
 .debug_info    0x0000000000009b3b     0x31df ./Drivers/STM32L1xx_HAL_Driver/Src/stm32l1xx_hal_uart.o

.debug_abbrev   0x0000000000000000     0x1a26
 .debug_abbrev  0x0000000000000000      0x259 ./Core/Src/main.o
 .debug_abbrev  0x0000000000000259      0x206 ./Core/Src/stm32l1xx_hal_msp.o
 .debug_abbrev  0x000000000000045f      0x176 ./Core/Src/stm32l1xx_it.o
 .debug_abbrev  0x00000000000005d5      0x129 ./Core/Src/system_stm32l1xx.o
 .debug_abbrev  0x00000000000006fe       0x12 ./Core/Startup/startup_stm32l152retx.o
 .debug_abbrev  0x0000000000000710      0x24b ./Drivers/STM32L1xx_HAL_Driver/Src/stm32l1xx_hal.o
 .debug_abbrev  0x000000000000095b      0x26b ./Drivers/STM32L1xx_HAL_Driver/Src/stm32l1xx_hal_adc.o
 .debug_abbrev  0x0000000000000bc6      0x33c ./Drivers/STM32L1xx_HAL_Driver/Src/stm32l1xx_hal_cortex.o
 .debug_abbrev  0x0000000000000f02      0x1f1 ./Drivers/STM32L1xx_HAL_Driver/Src/stm32l1xx_hal_gpio.o
 .debug_abbrev  0x00000000000010f3      0x268 ./Drivers/STM32L1xx_HAL_Driver/Src/stm32l1xx_hal_rcc.o
 .debug_abbrev  0x000000000000135b      0x25e ./Drivers/STM32L1xx_HAL_Driver/Src/stm32l1xx_hal_tim.o
 .debug_abbrev  0x00000000000015b9      0x182 ./Drivers/STM32L1xx_HAL_Driver/Src/stm32l1xx_hal_tim_ex.o
 .debug_abbrev  0x000000000000173b      0x2eb ./Drivers/STM32L1xx_HAL_Driver/Src/stm32l1xx_hal_uart.o

.debug_aranges  0x0000000000000000      0xb40
 .debug_aranges
                0x0000000000000000       0x60 ./Core/Src/main.o
 .debug_aranges
                0x0000000000000060       0x58 ./Core/Src/stm32l1xx_hal_msp.o
 .debug_aranges
                0x00000000000000b8       0x68 ./Core/Src/stm32l1xx_it.o
 .debug_aranges
                0x0000000000000120       0x28 ./Core/Src/system_stm32l1xx.o
 .debug_aranges
                0x0000000000000148       0x28 ./Core/Startup/startup_stm32l152retx.o
 .debug_aranges
                0x0000000000000170       0xe0 ./Drivers/STM32L1xx_HAL_Driver/Src/stm32l1xx_hal.o
 .debug_aranges
                0x0000000000000250       0xf0 ./Drivers/STM32L1xx_HAL_Driver/Src/stm32l1xx_hal_adc.o
 .debug_aranges
                0x0000000000000340      0x118 ./Drivers/STM32L1xx_HAL_Driver/Src/stm32l1xx_hal_cortex.o
 .debug_aranges
                0x0000000000000458       0x58 ./Drivers/STM32L1xx_HAL_Driver/Src/stm32l1xx_hal_gpio.o
 .debug_aranges
                0x00000000000004b0       0x90 ./Drivers/STM32L1xx_HAL_Driver/Src/stm32l1xx_hal_rcc.o
 .debug_aranges
                0x0000000000000540      0x3d0 ./Drivers/STM32L1xx_HAL_Driver/Src/stm32l1xx_hal_tim.o
 .debug_aranges
                0x0000000000000910       0x28 ./Drivers/STM32L1xx_HAL_Driver/Src/stm32l1xx_hal_tim_ex.o
 .debug_aranges
                0x0000000000000938      0x208 ./Drivers/STM32L1xx_HAL_Driver/Src/stm32l1xx_hal_uart.o

.debug_ranges   0x0000000000000000      0xaa8
 .debug_ranges  0x0000000000000000       0x50 ./Core/Src/main.o
 .debug_ranges  0x0000000000000050       0x48 ./Core/Src/stm32l1xx_hal_msp.o
 .debug_ranges  0x0000000000000098       0x58 ./Core/Src/stm32l1xx_it.o
 .debug_ranges  0x00000000000000f0       0x18 ./Core/Src/system_stm32l1xx.o
 .debug_ranges  0x0000000000000108       0x20 ./Core/Startup/startup_stm32l152retx.o
 .debug_ranges  0x0000000000000128       0xd0 ./Drivers/STM32L1xx_HAL_Driver/Src/stm32l1xx_hal.o
 .debug_ranges  0x00000000000001f8       0xe0 ./Drivers/STM32L1xx_HAL_Driver/Src/stm32l1xx_hal_adc.o
 .debug_ranges  0x00000000000002d8      0x108 ./Drivers/STM32L1xx_HAL_Driver/Src/stm32l1xx_hal_cortex.o
 .debug_ranges  0x00000000000003e0       0x48 ./Drivers/STM32L1xx_HAL_Driver/Src/stm32l1xx_hal_gpio.o
 .debug_ranges  0x0000000000000428       0x80 ./Drivers/STM32L1xx_HAL_Driver/Src/stm32l1xx_hal_rcc.o
 .debug_ranges  0x00000000000004a8      0x3c0 ./Drivers/STM32L1xx_HAL_Driver/Src/stm32l1xx_hal_tim.o
 .debug_ranges  0x0000000000000868       0x18 ./Drivers/STM32L1xx_HAL_Driver/Src/stm32l1xx_hal_tim_ex.o
 .debug_ranges  0x0000000000000880      0x228 ./Drivers/STM32L1xx_HAL_Driver/Src/stm32l1xx_hal_uart.o

.debug_macro    0x0000000000000000    0x15d1f
 .debug_macro   0x0000000000000000      0x1fc ./Core/Src/main.o
 .debug_macro   0x00000000000001fc      0xa9c ./Core/Src/main.o
 .debug_macro   0x0000000000000c98      0x118 ./Core/Src/main.o
 .debug_macro   0x0000000000000db0       0x2e ./Core/Src/main.o
 .debug_macro   0x0000000000000dde       0x22 ./Core/Src/main.o
 .debug_macro   0x0000000000000e00       0x22 ./Core/Src/main.o
 .debug_macro   0x0000000000000e22       0x8e ./Core/Src/main.o
 .debug_macro   0x0000000000000eb0       0x51 ./Core/Src/main.o
 .debug_macro   0x0000000000000f01      0x103 ./Core/Src/main.o
 .debug_macro   0x0000000000001004       0x6a ./Core/Src/main.o
 .debug_macro   0x000000000000106e      0x1df ./Core/Src/main.o
 .debug_macro   0x000000000000124d       0x1c ./Core/Src/main.o
 .debug_macro   0x0000000000001269       0x22 ./Core/Src/main.o
 .debug_macro   0x000000000000128b       0xc3 ./Core/Src/main.o
 .debug_macro   0x000000000000134e      0xe49 ./Core/Src/main.o
 .debug_macro   0x0000000000002197      0x11f ./Core/Src/main.o
 .debug_macro   0x00000000000022b6     0xb56a ./Core/Src/main.o
 .debug_macro   0x000000000000d820       0x6d ./Core/Src/main.o
 .debug_macro   0x000000000000d88d     0x34cc ./Core/Src/main.o
 .debug_macro   0x0000000000010d59      0x174 ./Core/Src/main.o
 .debug_macro   0x0000000000010ecd       0x5b ./Core/Src/main.o
 .debug_macro   0x0000000000010f28      0xe37 ./Core/Src/main.o
 .debug_macro   0x0000000000011d5f      0x35b ./Core/Src/main.o
 .debug_macro   0x00000000000120ba      0x1b8 ./Core/Src/main.o
 .debug_macro   0x0000000000012272       0xc5 ./Core/Src/main.o
 .debug_macro   0x0000000000012337      0x21e ./Core/Src/main.o
 .debug_macro   0x0000000000012555      0x236 ./Core/Src/main.o
 .debug_macro   0x000000000001278b      0x685 ./Core/Src/main.o
 .debug_macro   0x0000000000012e10      0x16b ./Core/Src/main.o
 .debug_macro   0x0000000000012f7b      0x115 ./Core/Src/main.o
 .debug_macro   0x0000000000013090      0x567 ./Core/Src/main.o
 .debug_macro   0x00000000000135f7      0x1e9 ./Core/Src/main.o
 .debug_macro   0x00000000000137e0       0x22 ./Core/Src/main.o
 .debug_macro   0x0000000000013802      0x788 ./Core/Src/main.o
 .debug_macro   0x0000000000013f8a       0xac ./Core/Src/main.o
 .debug_macro   0x0000000000014036      0x2aa ./Core/Src/main.o
 .debug_macro   0x00000000000142e0      0x170 ./Core/Src/main.o
 .debug_macro   0x0000000000014450      0x492 ./Core/Src/main.o
 .debug_macro   0x00000000000148e2       0x58 ./Core/Src/main.o
 .debug_macro   0x000000000001493a      0x1d2 ./Core/Src/stm32l1xx_hal_msp.o
 .debug_macro   0x0000000000014b0c      0x1dc ./Core/Src/stm32l1xx_it.o
 .debug_macro   0x0000000000014ce8      0x1c3 ./Core/Src/system_stm32l1xx.o
 .debug_macro   0x0000000000014eab      0x1e7 ./Drivers/STM32L1xx_HAL_Driver/Src/stm32l1xx_hal.o
 .debug_macro   0x0000000000015092      0x1e0 ./Drivers/STM32L1xx_HAL_Driver/Src/stm32l1xx_hal_adc.o
 .debug_macro   0x0000000000015272      0x1c3 ./Drivers/STM32L1xx_HAL_Driver/Src/stm32l1xx_hal_cortex.o
 .debug_macro   0x0000000000015435      0x1ca ./Drivers/STM32L1xx_HAL_Driver/Src/stm32l1xx_hal_gpio.o
 .debug_macro   0x00000000000155ff      0x1d5 ./Drivers/STM32L1xx_HAL_Driver/Src/stm32l1xx_hal_rcc.o
 .debug_macro   0x00000000000157d4      0x1c4 ./Drivers/STM32L1xx_HAL_Driver/Src/stm32l1xx_hal_tim.o
 .debug_macro   0x0000000000015998      0x1c3 ./Drivers/STM32L1xx_HAL_Driver/Src/stm32l1xx_hal_tim_ex.o
 .debug_macro   0x0000000000015b5b      0x1c4 ./Drivers/STM32L1xx_HAL_Driver/Src/stm32l1xx_hal_uart.o

.debug_line     0x0000000000000000     0xc04b
 .debug_line    0x0000000000000000      0xa76 ./Core/Src/main.o
 .debug_line    0x0000000000000a76      0x7fe ./Core/Src/stm32l1xx_hal_msp.o
 .debug_line    0x0000000000001274      0x7b8 ./Core/Src/stm32l1xx_it.o
 .debug_line    0x0000000000001a2c      0x77c ./Core/Src/system_stm32l1xx.o
 .debug_line    0x00000000000021a8       0x87 ./Core/Startup/startup_stm32l152retx.o
 .debug_line    0x000000000000222f      0x9a1 ./Drivers/STM32L1xx_HAL_Driver/Src/stm32l1xx_hal.o
 .debug_line    0x0000000000002bd0      0xf99 ./Drivers/STM32L1xx_HAL_Driver/Src/stm32l1xx_hal_adc.o
 .debug_line    0x0000000000003b69      0xc6e ./Drivers/STM32L1xx_HAL_Driver/Src/stm32l1xx_hal_cortex.o
 .debug_line    0x00000000000047d7      0xa19 ./Drivers/STM32L1xx_HAL_Driver/Src/stm32l1xx_hal_gpio.o
 .debug_line    0x00000000000051f0      0xeaa ./Drivers/STM32L1xx_HAL_Driver/Src/stm32l1xx_hal_rcc.o
 .debug_line    0x000000000000609a     0x2f2e ./Drivers/STM32L1xx_HAL_Driver/Src/stm32l1xx_hal_tim.o
 .debug_line    0x0000000000008fc8      0x7b0 ./Drivers/STM32L1xx_HAL_Driver/Src/stm32l1xx_hal_tim_ex.o
 .debug_line    0x0000000000009778     0x28d3 ./Drivers/STM32L1xx_HAL_Driver/Src/stm32l1xx_hal_uart.o

.debug_str      0x0000000000000000    0x8e800
 .debug_str     0x0000000000000000    0x8c032 ./Core/Src/main.o
                                      0x8c3b8 (size before relaxing)
 .debug_str     0x000000000008c032      0x41f ./Core/Src/stm32l1xx_hal_msp.o
                                      0x8c310 (size before relaxing)
 .debug_str     0x000000000008c451       0xcd ./Core/Src/stm32l1xx_it.o
                                      0x8baf9 (size before relaxing)
 .debug_str     0x000000000008c51e       0x61 ./Core/Src/system_stm32l1xx.o
                                      0x8b517 (size before relaxing)
 .debug_str     0x000000000008c57f       0x36 ./Core/Startup/startup_stm32l152retx.o
                                         0x81 (size before relaxing)
 .debug_str     0x000000000008c5b5      0x2f5 ./Drivers/STM32L1xx_HAL_Driver/Src/stm32l1xx_hal.o
                                      0x8bc0a (size before relaxing)
 .debug_str     0x000000000008c8aa      0x334 ./Drivers/STM32L1xx_HAL_Driver/Src/stm32l1xx_hal_adc.o
                                      0x8bc80 (size before relaxing)
 .debug_str     0x000000000008cbde      0x418 ./Drivers/STM32L1xx_HAL_Driver/Src/stm32l1xx_hal_cortex.o
                                      0x8bd3c (size before relaxing)
 .debug_str     0x000000000008cff6      0x154 ./Drivers/STM32L1xx_HAL_Driver/Src/stm32l1xx_hal_gpio.o
                                      0x8b6f4 (size before relaxing)
 .debug_str     0x000000000008d14a      0x2a7 ./Drivers/STM32L1xx_HAL_Driver/Src/stm32l1xx_hal_rcc.o
                                      0x8b9a1 (size before relaxing)
 .debug_str     0x000000000008d3f1      0xd74 ./Drivers/STM32L1xx_HAL_Driver/Src/stm32l1xx_hal_tim.o
                                      0x8c832 (size before relaxing)
 .debug_str     0x000000000008e165       0x7d ./Drivers/STM32L1xx_HAL_Driver/Src/stm32l1xx_hal_tim_ex.o
                                      0x8ba09 (size before relaxing)
 .debug_str     0x000000000008e1e2      0x61e ./Drivers/STM32L1xx_HAL_Driver/Src/stm32l1xx_hal_uart.o
                                      0x8bf3d (size before relaxing)

.comment        0x0000000000000000       0x53
 .comment       0x0000000000000000       0x53 ./Core/Src/main.o
                                         0x54 (size before relaxing)
 .comment       0x0000000000000053       0x54 ./Core/Src/stm32l1xx_hal_msp.o
 .comment       0x0000000000000053       0x54 ./Core/Src/stm32l1xx_it.o
 .comment       0x0000000000000053       0x54 ./Core/Src/system_stm32l1xx.o
 .comment       0x0000000000000053       0x54 ./Drivers/STM32L1xx_HAL_Driver/Src/stm32l1xx_hal.o
 .comment       0x0000000000000053       0x54 ./Drivers/STM32L1xx_HAL_Driver/Src/stm32l1xx_hal_adc.o
 .comment       0x0000000000000053       0x54 ./Drivers/STM32L1xx_HAL_Driver/Src/stm32l1xx_hal_cortex.o
 .comment       0x0000000000000053       0x54 ./Drivers/STM32L1xx_HAL_Driver/Src/stm32l1xx_hal_gpio.o
 .comment       0x0000000000000053       0x54 ./Drivers/STM32L1xx_HAL_Driver/Src/stm32l1xx_hal_rcc.o
 .comment       0x0000000000000053       0x54 ./Drivers/STM32L1xx_HAL_Driver/Src/stm32l1xx_hal_tim.o
 .comment       0x0000000000000053       0x54 ./Drivers/STM32L1xx_HAL_Driver/Src/stm32l1xx_hal_tim_ex.o
 .comment       0x0000000000000053       0x54 ./Drivers/STM32L1xx_HAL_Driver/Src/stm32l1xx_hal_uart.o

.debug_frame    0x0000000000000000     0x2f30
 .debug_frame   0x0000000000000000      0x13c ./Core/Src/main.o
 .debug_frame   0x000000000000013c      0x130 ./Core/Src/stm32l1xx_hal_msp.o
 .debug_frame   0x000000000000026c      0x120 ./Core/Src/stm32l1xx_it.o
 .debug_frame   0x000000000000038c       0x58 ./Core/Src/system_stm32l1xx.o
 .debug_frame   0x00000000000003e4      0x33c ./Drivers/STM32L1xx_HAL_Driver/Src/stm32l1xx_hal.o
 .debug_frame   0x0000000000000720      0x40c ./Drivers/STM32L1xx_HAL_Driver/Src/stm32l1xx_hal_adc.o
 .debug_frame   0x0000000000000b2c      0x498 ./Drivers/STM32L1xx_HAL_Driver/Src/stm32l1xx_hal_cortex.o
 .debug_frame   0x0000000000000fc4      0x14c ./Drivers/STM32L1xx_HAL_Driver/Src/stm32l1xx_hal_gpio.o
 .debug_frame   0x0000000000001110      0x21c ./Drivers/STM32L1xx_HAL_Driver/Src/stm32l1xx_hal_rcc.o
 .debug_frame   0x000000000000132c     0x11b4 ./Drivers/STM32L1xx_HAL_Driver/Src/stm32l1xx_hal_tim.o
 .debug_frame   0x00000000000024e0       0x60 ./Drivers/STM32L1xx_HAL_Driver/Src/stm32l1xx_hal_tim_ex.o
 .debug_frame   0x0000000000002540      0x944 ./Drivers/STM32L1xx_HAL_Driver/Src/stm32l1xx_hal_uart.o
 .debug_frame   0x0000000000002e84       0x2c c:/st/stm32cubeide_1.7.0/stm32cubeide/plugins/com.st.stm32cube.ide.mcu.externaltools.gnu-tools-for-stm32.9-2020-q2-update.win32_2.0.0.202105311346/tools/bin/../lib/gcc/arm-none-eabi/9.3.1/../../../../arm-none-eabi/lib/thumb/v7-m/nofp\libc_nano.a(lib_a-init.o)
 .debug_frame   0x0000000000002eb0       0x20 c:/st/stm32cubeide_1.7.0/stm32cubeide/plugins/com.st.stm32cube.ide.mcu.externaltools.gnu-tools-for-stm32.9-2020-q2-update.win32_2.0.0.202105311346/tools/bin/../lib/gcc/arm-none-eabi/9.3.1/../../../../arm-none-eabi/lib/thumb/v7-m/nofp\libc_nano.a(lib_a-memset.o)
 .debug_frame   0x0000000000002ed0       0x2c c:/st/stm32cubeide_1.7.0/stm32cubeide/plugins/com.st.stm32cube.ide.mcu.externaltools.gnu-tools-for-stm32.9-2020-q2-update.win32_2.0.0.202105311346/tools/bin/../lib/gcc/arm-none-eabi/9.3.1/thumb/v7-m/nofp\libgcc.a(_aeabi_uldivmod.o)
 .debug_frame   0x0000000000002efc       0x34 c:/st/stm32cubeide_1.7.0/stm32cubeide/plugins/com.st.stm32cube.ide.mcu.externaltools.gnu-tools-for-stm32.9-2020-q2-update.win32_2.0.0.202105311346/tools/bin/../lib/gcc/arm-none-eabi/9.3.1/thumb/v7-m/nofp\libgcc.a(_udivmoddi4.o)
