../Drivers/STM32H7xx_HAL_Driver/Src/stm32h7xx_hal_ospi.c:2739:13:OSPI_DMACplt	0	static
../Drivers/STM32H7xx_HAL_Driver/Src/stm32h7xx_hal_ospi.c:2914:26:OSPI_ConfigCmd	28	static
../Drivers/STM32H7xx_HAL_Driver/Src/stm32h7xx_hal_ospi.c:2887:26:OSPI_WaitFlagStateUntilTimeout	24	static
../Drivers/STM32H7xx_HAL_Driver/Src/stm32h7xx_hal_ospi.c:482:13:HAL_OSPI_MspInit	0	static
../Drivers/STM32H7xx_HAL_Driver/Src/stm32h7xx_hal_ospi.c:350:19:HAL_OSPI_Init	32	static
../Drivers/STM32H7xx_HAL_Driver/Src/stm32h7xx_hal_ospi.c:540:13:HAL_OSPI_MspDeInit	0	static
../Drivers/STM32H7xx_HAL_Driver/Src/stm32h7xx_hal_ospi.c:497:19:HAL_OSPI_DeInit	8	static
../Drivers/STM32H7xx_HAL_Driver/Src/stm32h7xx_hal_ospi.c:811:19:HAL_OSPI_Command	32	static
../Drivers/STM32H7xx_HAL_Driver/Src/stm32h7xx_hal_ospi.c:943:19:HAL_OSPI_Command_IT	24	static
../Drivers/STM32H7xx_HAL_Driver/Src/stm32h7xx_hal_ospi.c:1033:19:HAL_OSPI_HyperbusCfg	24	static
../Drivers/STM32H7xx_HAL_Driver/Src/stm32h7xx_hal_ospi.c:1080:19:HAL_OSPI_HyperbusCmd	24	static
../Drivers/STM32H7xx_HAL_Driver/Src/stm32h7xx_hal_ospi.c:1142:19:HAL_OSPI_Transmit	32	static
../Drivers/STM32H7xx_HAL_Driver/Src/stm32h7xx_hal_ospi.c:1217:19:HAL_OSPI_Receive	32	static
../Drivers/STM32H7xx_HAL_Driver/Src/stm32h7xx_hal_ospi.c:1310:19:HAL_OSPI_Transmit_IT	0	static
../Drivers/STM32H7xx_HAL_Driver/Src/stm32h7xx_hal_ospi.c:1360:19:HAL_OSPI_Receive_IT	12	static
../Drivers/STM32H7xx_HAL_Driver/Src/stm32h7xx_hal_ospi.c:1433:19:HAL_OSPI_Transmit_DMA	24	static
../Drivers/STM32H7xx_HAL_Driver/Src/stm32h7xx_hal_ospi.c:1537:19:HAL_OSPI_Receive_DMA	32	static
../Drivers/STM32H7xx_HAL_Driver/Src/stm32h7xx_hal_ospi.c:1655:19:HAL_OSPI_AutoPolling	40	static
../Drivers/STM32H7xx_HAL_Driver/Src/stm32h7xx_hal_ospi.c:1733:19:HAL_OSPI_AutoPolling_IT	32	static
../Drivers/STM32H7xx_HAL_Driver/Src/stm32h7xx_hal_ospi.c:1808:19:HAL_OSPI_MemoryMapped	24	static
../Drivers/STM32H7xx_HAL_Driver/Src/stm32h7xx_hal_ospi.c:1861:13:HAL_OSPI_ErrorCallback	0	static
../Drivers/STM32H7xx_HAL_Driver/Src/stm32h7xx_hal_ospi.c:2759:13:OSPI_DMAError	8	static
../Drivers/STM32H7xx_HAL_Driver/Src/stm32h7xx_hal_ospi.c:2795:13:OSPI_DMAAbortOnError	8	static
../Drivers/STM32H7xx_HAL_Driver/Src/stm32h7xx_hal_ospi.c:1876:13:HAL_OSPI_AbortCpltCallback	0	static
../Drivers/STM32H7xx_HAL_Driver/Src/stm32h7xx_hal_ospi.c:2830:13:OSPI_DMAAbortCplt	8	static
../Drivers/STM32H7xx_HAL_Driver/Src/stm32h7xx_hal_ospi.c:1891:13:HAL_OSPI_FifoThresholdCallback	0	static
../Drivers/STM32H7xx_HAL_Driver/Src/stm32h7xx_hal_ospi.c:1906:13:HAL_OSPI_CmdCpltCallback	0	static
../Drivers/STM32H7xx_HAL_Driver/Src/stm32h7xx_hal_ospi.c:1921:13:HAL_OSPI_RxCpltCallback	0	static
../Drivers/STM32H7xx_HAL_Driver/Src/stm32h7xx_hal_ospi.c:1936:13:HAL_OSPI_TxCpltCallback	0	static
../Drivers/STM32H7xx_HAL_Driver/Src/stm32h7xx_hal_ospi.c:1951:13:HAL_OSPI_RxHalfCpltCallback	0	static
../Drivers/STM32H7xx_HAL_Driver/Src/stm32h7xx_hal_ospi.c:1966:13:HAL_OSPI_TxHalfCpltCallback	0	static
../Drivers/STM32H7xx_HAL_Driver/Src/stm32h7xx_hal_ospi.c:1981:13:HAL_OSPI_StatusMatchCallback	0	static
../Drivers/STM32H7xx_HAL_Driver/Src/stm32h7xx_hal_ospi.c:1996:13:HAL_OSPI_TimeOutCallback	0	static
../Drivers/STM32H7xx_HAL_Driver/Src/stm32h7xx_hal_ospi.c:580:6:HAL_OSPI_IRQHandler	16	static
../Drivers/STM32H7xx_HAL_Driver/Src/stm32h7xx_hal_ospi.c:2247:19:HAL_OSPI_Abort	24	static
../Drivers/STM32H7xx_HAL_Driver/Src/stm32h7xx_hal_ospi.c:2315:19:HAL_OSPI_Abort_IT	8	static
../Drivers/STM32H7xx_HAL_Driver/Src/stm32h7xx_hal_ospi.c:2393:19:HAL_OSPI_SetFifoThreshold	0	static
../Drivers/STM32H7xx_HAL_Driver/Src/stm32h7xx_hal_ospi.c:2421:10:HAL_OSPI_GetFifoThreshold	0	static
../Drivers/STM32H7xx_HAL_Driver/Src/stm32h7xx_hal_ospi.c:2431:19:HAL_OSPI_SetTimeout	0	static
../Drivers/STM32H7xx_HAL_Driver/Src/stm32h7xx_hal_ospi.c:2442:10:HAL_OSPI_GetError	0	static
../Drivers/STM32H7xx_HAL_Driver/Src/stm32h7xx_hal_ospi.c:2452:10:HAL_OSPI_GetState	0	static
../Drivers/STM32H7xx_HAL_Driver/Src/stm32h7xx_hal_ospi.c:2484:19:HAL_OSPIM_Config	96	static
