../Core/Src/stm32h7xx_hal_msp.c:63:6:HAL_MspInit	8	static
../Core/Src/stm32h7xx_hal_msp.c:85:6:HAL_CRC_MspInit	8	static
../Core/Src/stm32h7xx_hal_msp.c:108:6:HAL_CRC_MspDeInit	0	static
../Core/Src/stm32h7xx_hal_msp.c:130:6:HAL_DMA2D_MspInit	8	static
../Core/Src/stm32h7xx_hal_msp.c:153:6:HAL_DMA2D_MspDeInit	0	static
../Core/Src/stm32h7xx_hal_msp.c:175:6:HAL_LTDC_MspInit	264	static
../Core/Src/stm32h7xx_hal_msp.c:335:6:HAL_LTDC_MspDeInit	8	static
../Core/Src/stm32h7xx_hal_msp.c:398:6:HAL_OSPI_MspInit	256	static
../Core/Src/stm32h7xx_hal_msp.c:495:6:HAL_OSPI_MspDeInit	8	static
../Core/Src/stm32h7xx_hal_msp.c:634:6:HAL_SDRAM_MspInit	232	static
../Core/Src/stm32h7xx_hal_msp.c:705:6:HAL_SDRAM_MspDeInit	8	static
