../Core/Src/main.c:141:5:main	24	static
../Core/Src/main.c:535:6:SystemClock_Config	120	static
../Core/Src/main.c:594:6:PeriphCommonClock_Config	192	static
../Core/Src/main.c:621:13:MX_ADC1_Init	56	static
../Core/Src/main.c:700:13:MX_ADC2_Init	48	static
../Core/Src/main.c:760:13:MX_CRC_Init	8	static
../Core/Src/main.c:791:13:MX_DMA2D_Init	8	static
../Core/Src/main.c:831:13:MX_I2C1_Init	8	static
../Core/Src/main.c:879:13:MX_SPI1_Init	8	static
../Core/Src/main.c:927:13:MX_TIM2_Init	64	static
../Core/Src/main.c:985:13:MX_TIM3_Init	64	static
../Core/Src/main.c:1044:13:MX_GPIO_Init	56	static
../Core/Src/main.c:1345:6:measure_joystick_and_send_to_slave	16	static
../Core/Src/main.c:1385:6:enter_jog_mode	8	static
../Core/Src/main.c:1435:7:read_temp_from_ADC	24	static
../Core/Src/main.c:1463:6:HAL_TIM_PeriodElapsedCallback	48	static
../Core/Src/main.c:1544:6:write_float_to_slave	32	static
../Core/Src/main.c:1552:6:write_uint32_to_slave	24	static
../Core/Src/main.c:1558:6:perform_bond	16	static
../Core/Src/main.c:1573:6:wait_for_button_release	8	static
../Core/Src/main.c:1579:6:wait_for_button_press	8	static
../Core/Src/main.c:1588:6:write_bond_power_to_trimmer	24	static
../Core/Src/main.c:1602:6:HAL_GPIO_EXTI_Callback	16	static
../Core/Src/main.c:1610:5:execute_write_command	24	static
../Core/Src/main.c:1632:6:HAL_I2C_MasterRxCpltCallback	16	static
../Core/Src/main.c:1646:7:ADC_Convert_Rank1	48	static
../Core/Src/main.c:1669:7:ADC_Convert_Rank2	48	static
../Core/Src/main.c:1695:6:MPU_Config	24	static
../Core/Src/main.c:1726:6:Error_Handler	4	static,ignoring_inline_asm
