../Core/Src/main.c:96:5:main	8	static
../Core/Src/main.c:241:6:SystemClock_Config	120	static
../Core/Src/main.c:291:13:MX_ADC1_Init	32	static
../Core/Src/main.c:348:13:MX_I2C1_Init	8	static
../Core/Src/main.c:396:13:MX_TIM1_Init	96	static
../Core/Src/main.c:481:13:MX_TIM2_Init	56	static
../Core/Src/main.c:530:13:MX_GPIO_Init	48	static
../Core/Src/main.c:608:5:execute_read_command	32	static
../Core/Src/main.c:642:5:execute_write_command	24	static
../Core/Src/main.c:692:6:HAL_I2C_SlaveRxCpltCallback	16	static
../Core/Src/main.c:726:7:read_position_from_encoder	4	static
../Core/Src/main.c:742:6:HAL_GPIO_EXTI_Callback	16	static
../Core/Src/main.c:790:6:HAL_ADC_ConvCpltCallback	48	static
../Core/Src/main.c:931:6:HAL_I2C_ListenCpltCallback	16	static
../Core/Src/main.c:937:6:HAL_I2C_AddrCallback	16	static
../Core/Src/main.c:954:6:HAL_I2C_SlaveTxCpltCallback	16	static
../Core/Src/main.c:959:6:HAL_I2C_ErrorCallback	16	static
../Core/Src/main.c:971:9:is_switch_pressed_debounced	32	static
../Core/Src/main.c:989:6:Error_Handler	8	static,ignoring_inline_asm
