../Middlewares/ST/touchgfx/framework/include/touchgfx/hal/DMA.hpp:138:18:virtual void touchgfx::DMA_Interface::flush()	0	static
../TouchGFX/target/generated/STM32DMA.hpp:71:31:virtual touchgfx::DMAType STM32DMA::getDMAType()	0	static
../TouchGFX/target/generated/STM32DMA.hpp:107:18:virtual void STM32DMA::signalDMAInterrupt()	0	static
../TouchGFX/target/generated/STM32DMA.cpp:147:16:virtual touchgfx::BlitOperations STM32DMA::getBlitCaps()	0	static
../TouchGFX/target/generated/STM32DMA.cpp:67:6:virtual void STM32DMA::initialize()	16	static
../TouchGFX/target/generated/STM32DMA.cpp:61:1:STM32DMA::~STM32DMA()	0	static,ignoring_inline_asm
../TouchGFX/target/generated/STM32DMA.cpp:61:1:virtual STM32DMA::~STM32DMA()	8	static
../TouchGFX/target/generated/STM32DMA.cpp:114:17:uint32_t STM32DMA::getChromARTOutputFormat(touchgfx::Bitmap::BitmapFormat)	8	static
../TouchGFX/target/generated/STM32DMA.cpp:339:6:virtual void STM32DMA::setupDataFill(const touchgfx::BlitOp&)	16	static
../TouchGFX/target/generated/STM32DMA.cpp:79:17:uint32_t STM32DMA::getChromARTInputFormat(touchgfx::Bitmap::BitmapFormat)	8	static
../TouchGFX/target/generated/STM32DMA.cpp:170:6:virtual void STM32DMA::setupDataCopy(const touchgfx::BlitOp&)	24	static
../TouchGFX/target/generated/STM32DMA.cpp:36:17:void DMA2D_IRQHandler()	0	static
../TouchGFX/target/generated/STM32DMA.cpp:56:1:STM32DMA::STM32DMA()	16	static
../TouchGFX/target/generated/STM32DMA.cpp:407:6:void touchgfx::paint::setL8Palette(const uint8_t*)	0	static
../TouchGFX/target/generated/STM32DMA.cpp:418:6:void touchgfx::paint::tearDown()	0	static
../TouchGFX/target/generated/STM32DMA.cpp:431:6:void touchgfx::paint::flushLine(uint32_t*, int)	0	static,ignoring_inline_asm
../TouchGFX/target/generated/STM32DMA.cpp:447:6:void touchgfx::paint::invalidateTextureCache()	0	static
../TouchGFX/target/generated/STM32DMA.cpp:459:6:void touchgfx::paint::rgb565::lineFromColor(uint16_t*, unsigned int, uint32_t, uint8_t, uint32_t)	12	static
../TouchGFX/target/generated/STM32DMA.cpp:509:6:void touchgfx::paint::rgb565::lineFromRGB565(uint16_t*, const uint16_t*, unsigned int, uint8_t)	12	static
../TouchGFX/target/generated/STM32DMA.cpp:553:6:void touchgfx::paint::rgb565::lineFromARGB8888(uint16_t*, const uint32_t*, unsigned int, uint8_t)	12	static
../TouchGFX/target/generated/STM32DMA.cpp:586:6:void touchgfx::paint::rgb565::lineFromL8RGB888(uint16_t*, const uint8_t*, unsigned int, uint8_t)	16	static
../TouchGFX/target/generated/STM32DMA.cpp:651:6:void touchgfx::paint::rgb565::lineFromL8ARGB8888(uint16_t*, const uint8_t*, unsigned int, uint8_t)	12	static
