../TouchGFX/gui/include/gui/startup_screen/StartupPresenter.hpp:28:13:StartupPresenter::~StartupPresenter()	0	static
../TouchGFX/gui/src/startup_screen/StartupPresenter.cpp:10:6:virtual void StartupPresenter::activate()	0	static
../TouchGFX/gui/include/gui/startup_screen/StartupPresenter.hpp:28:13:virtual StartupPresenter::~StartupPresenter()	8	static
../TouchGFX/gui/include/gui/startup_screen/StartupPresenter.hpp:28:13:virtual void* StartupPresenter::_ZThn4_N16StartupPresenterD1Ev()	0	static
../TouchGFX/gui/src/startup_screen/StartupPresenter.cpp:4:1:StartupPresenter::StartupPresenter(StartupView&)	0	static
